// Jest Snapshot v1, https://goo.gl/fbAQLP

exports[`Context should render the snapshot of main component 1`] = `<Main />`;
